// Jest Snapshot v1, https://goo.gl/fbAQLP

exports[`color picker change and record undo and redo  renders App 1`] = `
<DocumentFragment>
  <label
    for="COLOR_CHANGE"
  >
    Current Color
  </label>
  <input
    id="COLOR_CHANGE"
    type="color"
    value="red"
  />
  <div
    data-testid="frig"
    style="background-color: red; width: 10rem; height: 10rem;"
  />
</DocumentFragment>
`;
